Release 14.4 - xst P.49d (nt64)
Copyright (c) 1995-2012 Xilinx, Inc.  All rights reserved.
--> Parameter TMPDIR set to xst/projnav.tmp


Total REAL time to Xst completion: 6.00 secs
Total CPU time to Xst completion: 6.38 secs
 
--> Parameter xsthdpdir set to xst


Total REAL time to Xst completion: 6.00 secs
Total CPU time to Xst completion: 6.38 secs
 
--> Reading design: sim_minimips.prj

TABLE OF CONTENTS
  1) Synthesis Options Summary
  2) HDL Compilation
  3) Design Hierarchy Analysis
  4) HDL Analysis
  5) HDL Synthesis
     5.1) HDL Synthesis Report
  6) Advanced HDL Synthesis
     6.1) Advanced HDL Synthesis Report
  7) Low Level Synthesis
  8) Partition Report
  9) Final Report
	9.1) Device utilization summary
	9.2) Partition Resource Summary
	9.3) TIMING REPORT


=========================================================================
*                      Synthesis Options Summary                        *
=========================================================================
---- Source Parameters
Input File Name                    : "sim_minimips.prj"
Input Format                       : mixed
Ignore Synthesis Constraint File   : NO

---- Target Parameters
Output File Name                   : "sim_minimips"
Output Format                      : NGC
Target Device                      : xc3s100e-5-vq100

---- Source Options
Top Module Name                    : sim_minimips
Automatic FSM Extraction           : YES
FSM Encoding Algorithm             : Auto
Safe Implementation                : No
FSM Style                          : LUT
RAM Extraction                     : Yes
RAM Style                          : Auto
ROM Extraction                     : Yes
Mux Style                          : Auto
Decoder Extraction                 : YES
Priority Encoder Extraction        : Yes
Shift Register Extraction          : YES
Logical Shifter Extraction         : YES
XOR Collapsing                     : YES
ROM Style                          : Auto
Mux Extraction                     : Yes
Resource Sharing                   : YES
Asynchronous To Synchronous        : NO
Multiplier Style                   : Auto
Automatic Register Balancing       : No

---- Target Options
Add IO Buffers                     : YES
Global Maximum Fanout              : 500
Add Generic Clock Buffer(BUFG)     : 24
Register Duplication               : YES
Slice Packing                      : YES
Optimize Instantiated Primitives   : NO
Use Clock Enable                   : Yes
Use Synchronous Set                : Yes
Use Synchronous Reset              : Yes
Pack IO Registers into IOBs        : Auto
Equivalent register Removal        : YES

---- General Options
Optimization Goal                  : Speed
Optimization Effort                : 1
Keep Hierarchy                     : No
Netlist Hierarchy                  : As_Optimized
RTL Output                         : Yes
Global Optimization                : AllClockNets
Read Cores                         : YES
Write Timing Constraints           : NO
Cross Clock Analysis               : NO
Hierarchy Separator                : /
Bus Delimiter                      : <>
Case Specifier                     : Maintain
Slice Utilization Ratio            : 100
BRAM Utilization Ratio             : 100
Verilog 2001                       : YES
Auto BRAM Packing                  : NO
Slice Utilization Ratio Delta      : 5

=========================================================================


=========================================================================
*                          HDL Compilation                              *
=========================================================================
Compiling vhdl file "C:/Users/Thiago/Dropbox/06 MESTRADO/04 TRABALHO FINAL/04 PROJETO/blocks/miniMIPS/pack_mips.vhd" in Library miniMIPS.
Compiling vhdl file "C:/Users/Thiago/Dropbox/06 MESTRADO/04 TRABALHO FINAL/04 PROJETO/blocks/miniMIPS/alu.vhd" in Library miniMIPS.
Architecture rtl of Entity alu is up to date.
Compiling vhdl file "C:/Users/Thiago/Dropbox/06 MESTRADO/04 TRABALHO FINAL/04 PROJETO/blocks/miniMIPS/pps_pf.vhd" in Library miniMIPS.
Architecture rtl of Entity pps_pf is up to date.
Compiling vhdl file "C:/Users/Thiago/Dropbox/06 MESTRADO/04 TRABALHO FINAL/04 PROJETO/blocks/miniMIPS/pps_ei.vhd" in Library miniMIPS.
Architecture rtl of Entity pps_ei is up to date.
Compiling vhdl file "C:/Users/Thiago/Dropbox/06 MESTRADO/04 TRABALHO FINAL/04 PROJETO/blocks/miniMIPS/pps_di.vhd" in Library miniMIPS.
Architecture rtl of Entity pps_di is up to date.
Compiling vhdl file "C:/Users/Thiago/Dropbox/06 MESTRADO/04 TRABALHO FINAL/04 PROJETO/blocks/miniMIPS/pps_ex.vhd" in Library miniMIPS.
Architecture rtl of Entity pps_ex is up to date.
Compiling vhdl file "C:/Users/Thiago/Dropbox/06 MESTRADO/04 TRABALHO FINAL/04 PROJETO/blocks/miniMIPS/pps_mem.vhd" in Library miniMIPS.
Architecture rtl of Entity pps_mem is up to date.
Compiling vhdl file "C:/Users/Thiago/Dropbox/06 MESTRADO/04 TRABALHO FINAL/04 PROJETO/blocks/miniMIPS/renvoi.vhd" in Library miniMIPS.
Architecture rtl of Entity renvoi is up to date.
Compiling vhdl file "C:/Users/Thiago/Dropbox/06 MESTRADO/04 TRABALHO FINAL/04 PROJETO/blocks/miniMIPS/banc.vhd" in Library miniMIPS.
Architecture rtl of Entity banc is up to date.
Compiling vhdl file "C:/Users/Thiago/Dropbox/06 MESTRADO/04 TRABALHO FINAL/04 PROJETO/blocks/miniMIPS/syscop.vhd" in Library miniMIPS.
Architecture rtl of Entity syscop is up to date.
Compiling vhdl file "C:/Users/Thiago/Dropbox/06 MESTRADO/04 TRABALHO FINAL/04 PROJETO/blocks/miniMIPS/bus_ctrl.vhd" in Library miniMIPS.
Architecture rtl of Entity bus_ctrl is up to date.
Compiling vhdl file "C:/Users/Thiago/Dropbox/06 MESTRADO/04 TRABALHO FINAL/04 PROJETO/blocks/miniMIPS/predictEst.vhd" in Library miniMIPS.
Architecture rtl of Entity predictest is up to date.
Compiling vhdl file "C:/Users/Thiago/Dropbox/06 MESTRADO/04 TRABALHO FINAL/04 PROJETO/blocks/miniMIPS/txt_util.vhd" in Library miniMIPS.
Architecture txt_util of Entity txt_util is up to date.
Compiling vhdl file "C:/Users/Thiago/Dropbox/06 MESTRADO/04 TRABALHO FINAL/04 PROJETO/blocks/miniMIPS/minimips.vhd" in Library miniMIPS.
Architecture rtl of Entity minimips is up to date.
Compiling vhdl file "C:/Users/Thiago/Dropbox/06 MESTRADO/04 TRABALHO FINAL/04 PROJETO/blocks/miniMIPS/ram.vhd" in Library miniMIPS.
Architecture bench of Entity ram is up to date.
Compiling vhdl file "C:/Users/Thiago/Dropbox/06 MESTRADO/04 TRABALHO FINAL/04 PROJETO/blocks/miniMIPS/bench_minimips.vhd" in Library miniMIPS.
ERROR:HDLParsers:3312 - "C:/Users/Thiago/Dropbox/06 MESTRADO/04 TRABALHO FINAL/04 PROJETO/blocks/miniMIPS/bench_minimips.vhd" Line 2982. Undefined symbol 'init_signal_spy'.
ERROR:HDLParsers:1209 - "C:/Users/Thiago/Dropbox/06 MESTRADO/04 TRABALHO FINAL/04 PROJETO/blocks/miniMIPS/bench_minimips.vhd" Line 2982. init_signal_spy: Undefined symbol (last report in this block)
ERROR:HDLParsers:1015 - "C:/Users/Thiago/Dropbox/06 MESTRADO/04 TRABALHO FINAL/04 PROJETO/blocks/miniMIPS/bench_minimips.vhd" Line 3003. Wait for statement unsupported.
ERROR:HDLParsers:1015 - "C:/Users/Thiago/Dropbox/06 MESTRADO/04 TRABALHO FINAL/04 PROJETO/blocks/miniMIPS/bench_minimips.vhd" Line 3006. Wait for statement unsupported.
ERROR:HDLParsers:1015 - "C:/Users/Thiago/Dropbox/06 MESTRADO/04 TRABALHO FINAL/04 PROJETO/blocks/miniMIPS/bench_minimips.vhd" Line 3097. Wait for statement unsupported.
ERROR:HDLParsers:1015 - "C:/Users/Thiago/Dropbox/06 MESTRADO/04 TRABALHO FINAL/04 PROJETO/blocks/miniMIPS/bench_minimips.vhd" Line 3102. Wait for statement unsupported.
ERROR:HDLParsers:854 - "C:/Users/Thiago/Dropbox/06 MESTRADO/04 TRABALHO FINAL/04 PROJETO/blocks/miniMIPS/bench_minimips.vhd" Line 3116. The expression can not be converted to type integer.
ERROR:HDLParsers:3324 - "C:/Users/Thiago/Dropbox/06 MESTRADO/04 TRABALHO FINAL/04 PROJETO/blocks/miniMIPS/bench_minimips.vhd" Line 3116. IN mode Formal VALUE of write with no default value must be associated with an actual value.
ERROR:HDLParsers:3324 - "C:/Users/Thiago/Dropbox/06 MESTRADO/04 TRABALHO FINAL/04 PROJETO/blocks/miniMIPS/bench_minimips.vhd" Line 3116. IN mode Formal VALUE of write with no default value must be associated with an actual value.
ERROR:HDLParsers:3324 - "C:/Users/Thiago/Dropbox/06 MESTRADO/04 TRABALHO FINAL/04 PROJETO/blocks/miniMIPS/bench_minimips.vhd" Line 3116. IN mode Formal VALUE of write with no default value must be associated with an actual value.
ERROR:HDLParsers:3324 - "C:/Users/Thiago/Dropbox/06 MESTRADO/04 TRABALHO FINAL/04 PROJETO/blocks/miniMIPS/bench_minimips.vhd" Line 3116. IN mode Formal VALUE of write with no default value must be associated with an actual value.
ERROR:HDLParsers:3324 - "C:/Users/Thiago/Dropbox/06 MESTRADO/04 TRABALHO FINAL/04 PROJETO/blocks/miniMIPS/bench_minimips.vhd" Line 3116. IN mode Formal VALUE of write with no default value must be associated with an actual value.
ERROR:HDLParsers:3324 - "C:/Users/Thiago/Dropbox/06 MESTRADO/04 TRABALHO FINAL/04 PROJETO/blocks/miniMIPS/bench_minimips.vhd" Line 3116. IN mode Formal VALUE of write with no default value must be associated with an actual value.
ERROR:HDLParsers:3324 - "C:/Users/Thiago/Dropbox/06 MESTRADO/04 TRABALHO FINAL/04 PROJETO/blocks/miniMIPS/bench_minimips.vhd" Line 3116. IN mode Formal VALUE of write with no default value must be associated with an actual value.
ERROR:HDLParsers:3324 - "C:/Users/Thiago/Dropbox/06 MESTRADO/04 TRABALHO FINAL/04 PROJETO/blocks/miniMIPS/bench_minimips.vhd" Line 3116. IN mode Formal VALUE of write with no default value must be associated with an actual value.
ERROR:HDLParsers:3324 - "C:/Users/Thiago/Dropbox/06 MESTRADO/04 TRABALHO FINAL/04 PROJETO/blocks/miniMIPS/bench_minimips.vhd" Line 3116. IN mode Formal value of write with no default value must be associated with an actual value.
ERROR:HDLParsers:854 - "C:/Users/Thiago/Dropbox/06 MESTRADO/04 TRABALHO FINAL/04 PROJETO/blocks/miniMIPS/bench_minimips.vhd" Line 3120. The expression can not be converted to type integer.
ERROR:HDLParsers:3324 - "C:/Users/Thiago/Dropbox/06 MESTRADO/04 TRABALHO FINAL/04 PROJETO/blocks/miniMIPS/bench_minimips.vhd" Line 3120. IN mode Formal VALUE of write with no default value must be associated with an actual value.
ERROR:HDLParsers:3324 - "C:/Users/Thiago/Dropbox/06 MESTRADO/04 TRABALHO FINAL/04 PROJETO/blocks/miniMIPS/bench_minimips.vhd" Line 3120. IN mode Formal VALUE of write with no default value must be associated with an actual value.
ERROR:HDLParsers:3324 - "C:/Users/Thiago/Dropbox/06 MESTRADO/04 TRABALHO FINAL/04 PROJETO/blocks/miniMIPS/bench_minimips.vhd" Line 3120. IN mode Formal VALUE of write with no default value must be associated with an actual value.
ERROR:HDLParsers:3324 - "C:/Users/Thiago/Dropbox/06 MESTRADO/04 TRABALHO FINAL/04 PROJETO/blocks/miniMIPS/bench_minimips.vhd" Line 3120. IN mode Formal VALUE of write with no default value must be associated with an actual value.
ERROR:HDLParsers:3324 - "C:/Users/Thiago/Dropbox/06 MESTRADO/04 TRABALHO FINAL/04 PROJETO/blocks/miniMIPS/bench_minimips.vhd" Line 3120. IN mode Formal VALUE of write with no default value must be associated with an actual value.
ERROR:HDLParsers:3324 - "C:/Users/Thiago/Dropbox/06 MESTRADO/04 TRABALHO FINAL/04 PROJETO/blocks/miniMIPS/bench_minimips.vhd" Line 3120. IN mode Formal VALUE of write with no default value must be associated with an actual value.
ERROR:HDLParsers:3324 - "C:/Users/Thiago/Dropbox/06 MESTRADO/04 TRABALHO FINAL/04 PROJETO/blocks/miniMIPS/bench_minimips.vhd" Line 3120. IN mode Formal VALUE of write with no default value must be associated with an actual value.
ERROR:HDLParsers:3324 - "C:/Users/Thiago/Dropbox/06 MESTRADO/04 TRABALHO FINAL/04 PROJETO/blocks/miniMIPS/bench_minimips.vhd" Line 3120. IN mode Formal VALUE of write with no default value must be associated with an actual value.
ERROR:HDLParsers:3324 - "C:/Users/Thiago/Dropbox/06 MESTRADO/04 TRABALHO FINAL/04 PROJETO/blocks/miniMIPS/bench_minimips.vhd" Line 3120. IN mode Formal value of write with no default value must be associated with an actual value.
ERROR:HDLParsers:1015 - "C:/Users/Thiago/Dropbox/06 MESTRADO/04 TRABALHO FINAL/04 PROJETO/blocks/miniMIPS/bench_minimips.vhd" Line 3139. Wait for statement unsupported.
ERROR:HDLParsers:1015 - "C:/Users/Thiago/Dropbox/06 MESTRADO/04 TRABALHO FINAL/04 PROJETO/blocks/miniMIPS/bench_minimips.vhd" Line 3153. Wait for statement unsupported.
ERROR:HDLParsers:1015 - "C:/Users/Thiago/Dropbox/06 MESTRADO/04 TRABALHO FINAL/04 PROJETO/blocks/miniMIPS/bench_minimips.vhd" Line 3167. Wait for statement unsupported.
--> 

Total memory usage is 248728 kilobytes

Number of errors   :   29 (   0 filtered)
Number of warnings :    0 (   0 filtered)
Number of infos    :    0 (   0 filtered)

